// Jest Snapshot v1, https://goo.gl/fbAQLP

exports[`should render petbutton correctly 1`] = `ShallowWrapper {}`;
