// Jest Snapshot v1, https://goo.gl/fbAQLP

exports[`should render photobox correctly 1`] = `ShallowWrapper {}`;
