// Jest Snapshot v1, https://goo.gl/fbAQLP

exports[`should render starbutton correctly 1`] = `ShallowWrapper {}`;
